/* First test whether a table's replication set can be properly manipulated */
\c postgres
SELECT pgactive.pgactive_replicate_ddl_command($DDL$ CREATE SCHEMA normalschema; $DDL$);
 pgactive_replicate_ddl_command 
--------------------------------
 
(1 row)

SELECT pgactive.pgactive_replicate_ddl_command($DDL$ CREATE SCHEMA "strange.schema-IS"; $DDL$);
 pgactive_replicate_ddl_command 
--------------------------------
 
(1 row)

SELECT pgactive.pgactive_replicate_ddl_command($DDL$ CREATE TABLE public.switcheroo(id serial primary key, data text); $DDL$);
 pgactive_replicate_ddl_command 
--------------------------------
 
(1 row)

SELECT pgactive.pgactive_replicate_ddl_command($DDL$ CREATE TABLE normalschema.sometbl_normalschema(); $DDL$);
 pgactive_replicate_ddl_command 
--------------------------------
 
(1 row)

SELECT pgactive.pgactive_replicate_ddl_command($DDL$ CREATE TABLE "strange.schema-IS".sometbl_strangeschema(); $DDL$);
 pgactive_replicate_ddl_command 
--------------------------------
 
(1 row)

-- show initial replication sets
SELECT * FROM pgactive.pgactive_get_table_replication_sets('switcheroo');
     sets      
---------------
 {default,all}
(1 row)

SELECT pgactive.pgactive_wait_for_slots_confirmed_flush_lsn(NULL,NULL);
 pgactive_wait_for_slots_confirmed_flush_lsn 
---------------------------------------------
 
(1 row)

\c regression
SELECT * FROM pgactive.pgactive_get_table_replication_sets('switcheroo');
     sets      
---------------
 {default,all}
(1 row)

\c postgres
-- empty replication set (just 'all')
SELECT pgactive.pgactive_set_table_replication_sets('switcheroo', '{}');
 pgactive_set_table_replication_sets 
-------------------------------------
 
(1 row)

SELECT * FROM pgactive.pgactive_get_table_replication_sets('switcheroo');
 sets  
-------
 {all}
(1 row)

SELECT * FROM pgactive.pgactive_get_table_replication_sets('normalschema.sometbl_normalschema');
     sets      
---------------
 {default,all}
(1 row)

SELECT * FROM pgactive.pgactive_get_table_replication_sets('"strange.schema-IS".sometbl_strangeschema');
     sets      
---------------
 {default,all}
(1 row)

-- configure a couple
SELECT pgactive.pgactive_set_table_replication_sets('switcheroo', '{fascinating, is-it-not}');
 pgactive_set_table_replication_sets 
-------------------------------------
 
(1 row)

SELECT * FROM pgactive.pgactive_set_table_replication_sets('normalschema.sometbl_normalschema', '{a}');
 pgactive_set_table_replication_sets 
-------------------------------------
 
(1 row)

SELECT * FROM pgactive.pgactive_set_table_replication_sets('"strange.schema-IS".sometbl_strangeschema', '{a}');
 pgactive_set_table_replication_sets 
-------------------------------------
 
(1 row)

SELECT * FROM pgactive.pgactive_get_table_replication_sets('switcheroo');
            sets             
-----------------------------
 {fascinating,is-it-not,all}
(1 row)

SELECT * FROM pgactive.pgactive_get_table_replication_sets('normalschema.sometbl_normalschema');
  sets   
---------
 {a,all}
(1 row)

SELECT * FROM pgactive.pgactive_get_table_replication_sets('"strange.schema-IS".sometbl_strangeschema');
  sets   
---------
 {a,all}
(1 row)

SELECT pgactive.pgactive_wait_for_slots_confirmed_flush_lsn(NULL,NULL);
 pgactive_wait_for_slots_confirmed_flush_lsn 
---------------------------------------------
 
(1 row)

\c regression
SELECT * FROM pgactive.pgactive_get_table_replication_sets('switcheroo');
            sets             
-----------------------------
 {fascinating,is-it-not,all}
(1 row)

SELECT * FROM pgactive.pgactive_get_table_replication_sets('normalschema.sometbl_normalschema');
  sets   
---------
 {a,all}
(1 row)

SELECT * FROM pgactive.pgactive_get_table_replication_sets('"strange.schema-IS".sometbl_strangeschema');
  sets   
---------
 {a,all}
(1 row)

\c postgres
-- make sure we can reset replication sets to the default again
-- configure a couple
SELECT pgactive.pgactive_set_table_replication_sets('switcheroo', NULL);
 pgactive_set_table_replication_sets 
-------------------------------------
 
(1 row)

SELECT * FROM pgactive.pgactive_get_table_replication_sets('switcheroo');
     sets      
---------------
 {default,all}
(1 row)

SELECT pgactive.pgactive_wait_for_slots_confirmed_flush_lsn(NULL,NULL);
 pgactive_wait_for_slots_confirmed_flush_lsn 
---------------------------------------------
 
(1 row)

\c regression
SELECT * FROM pgactive.pgactive_get_table_replication_sets('switcheroo');
     sets      
---------------
 {default,all}
(1 row)

\c postgres
-- make sure reserved names can't be set
SELECT pgactive.pgactive_set_table_replication_sets('switcheroo', '{default,blubber}');
ERROR:  replication set name "default" is reserved
HINT:  To reset a relation's replication sets to defaults, use pgactive.pgactive_set_table_replication_sets('relation_name', NULL).
CONTEXT:  during replay of DDL statement: SECURITY LABEL FOR pgactive ON TABLE public.switcheroo IS '{ "sets" : ["default","blubber"] }'
SQL statement "SELECT pgactive.pgactive_replicate_ddl_command(format('SECURITY LABEL FOR pgactive ON TABLE %s IS %L', p_relation, v_label))"
PL/pgSQL function pgactive.pgactive_set_table_replication_sets(regclass,text[]) line 44 at PERFORM
SELECT pgactive.pgactive_set_table_replication_sets('switcheroo', '{blubber,default}');
ERROR:  replication set name "default" is reserved
HINT:  To reset a relation's replication sets to defaults, use pgactive.pgactive_set_table_replication_sets('relation_name', NULL).
CONTEXT:  during replay of DDL statement: SECURITY LABEL FOR pgactive ON TABLE public.switcheroo IS '{ "sets" : ["blubber","default"] }'
SQL statement "SELECT pgactive.pgactive_replicate_ddl_command(format('SECURITY LABEL FOR pgactive ON TABLE %s IS %L', p_relation, v_label))"
PL/pgSQL function pgactive.pgactive_set_table_replication_sets(regclass,text[]) line 44 at PERFORM
SELECT pgactive.pgactive_set_table_replication_sets('switcheroo', '{frakbar,all}');
ERROR:  replication set name "all" is reserved
HINT:  To reset a relation's replication sets to defaults, use pgactive.pgactive_set_table_replication_sets('relation_name', NULL).
CONTEXT:  during replay of DDL statement: SECURITY LABEL FOR pgactive ON TABLE public.switcheroo IS '{ "sets" : ["frakbar","all"] }'
SQL statement "SELECT pgactive.pgactive_replicate_ddl_command(format('SECURITY LABEL FOR pgactive ON TABLE %s IS %L', p_relation, v_label))"
PL/pgSQL function pgactive.pgactive_set_table_replication_sets(regclass,text[]) line 44 at PERFORM
--invalid characters
SELECT pgactive.pgactive_set_table_replication_sets('switcheroo', '{///}');
ERROR:  replication set name "///" contains invalid character
HINT:  Replication set names may only contain letters, numbers, and the underscore character.
CONTEXT:  during replay of DDL statement: SECURITY LABEL FOR pgactive ON TABLE public.switcheroo IS '{ "sets" : ["///"] }'
SQL statement "SELECT pgactive.pgactive_replicate_ddl_command(format('SECURITY LABEL FOR pgactive ON TABLE %s IS %L', p_relation, v_label))"
PL/pgSQL function pgactive.pgactive_set_table_replication_sets(regclass,text[]) line 44 at PERFORM
--too short/long
SELECT pgactive.pgactive_set_table_replication_sets('switcheroo', '{""}');
ERROR:  replication set name "" is too short
CONTEXT:  during replay of DDL statement: SECURITY LABEL FOR pgactive ON TABLE public.switcheroo IS '{ "sets" : [""] }'
SQL statement "SELECT pgactive.pgactive_replicate_ddl_command(format('SECURITY LABEL FOR pgactive ON TABLE %s IS %L', p_relation, v_label))"
PL/pgSQL function pgactive.pgactive_set_table_replication_sets(regclass,text[]) line 44 at PERFORM
SELECT pgactive.pgactive_set_table_replication_sets('switcheroo', '{12345678901234567890123456789012345678901234567890123456789012345678901234567890}');
ERROR:  replication set name "12345678901234567890123456789012345678901234567890123456789012345678901234567890" is too long
CONTEXT:  during replay of DDL statement: SECURITY LABEL FOR pgactive ON TABLE public.switcheroo IS '{ "sets" : ["12345678901234567890123456789012345678901234567890123456789012345678901234567890"] }'
SQL statement "SELECT pgactive.pgactive_replicate_ddl_command(format('SECURITY LABEL FOR pgactive ON TABLE %s IS %L', p_relation, v_label))"
PL/pgSQL function pgactive.pgactive_set_table_replication_sets(regclass,text[]) line 44 at PERFORM
\c postgres
SELECT pgactive.pgactive_replicate_ddl_command($DDL$ DROP TABLE public.switcheroo; $DDL$);
 pgactive_replicate_ddl_command 
--------------------------------
 
(1 row)

SELECT pgactive.pgactive_replicate_ddl_command($DDL$ DROP TABLE normalschema.sometbl_normalschema; $DDL$);
 pgactive_replicate_ddl_command 
--------------------------------
 
(1 row)

SELECT pgactive.pgactive_replicate_ddl_command($DDL$ DROP TABLE "strange.schema-IS".sometbl_strangeschema; $DDL$);
 pgactive_replicate_ddl_command 
--------------------------------
 
(1 row)

SELECT pgactive.pgactive_wait_for_slots_confirmed_flush_lsn(NULL,NULL);
 pgactive_wait_for_slots_confirmed_flush_lsn 
---------------------------------------------
 
(1 row)

/*
 * Now test whether sets properly control the replication of data.
 *
 * node1: dbname regression, sets: default, important, for-node-1
 * node2: dbname postgres, sets: default, important, for-node-2
 */
\c postgres
SELECT pgactive.pgactive_replicate_ddl_command($DDL$ CREATE TABLE public.settest_1(data text primary key); $DDL$);
 pgactive_replicate_ddl_command 
--------------------------------
 
(1 row)

INSERT INTO settest_1(data) VALUES ('should-replicate-via-default');
SELECT pgactive.pgactive_set_table_replication_sets('settest_1', '{}');
 pgactive_set_table_replication_sets 
-------------------------------------
 
(1 row)

INSERT INTO settest_1(data) VALUES ('should-no-replicate-no-sets');
SELECT pgactive.pgactive_set_table_replication_sets('settest_1', '{unknown-set}');
 pgactive_set_table_replication_sets 
-------------------------------------
 
(1 row)

INSERT INTO settest_1(data) VALUES ('should-no-replicate-unknown-set');
SELECT pgactive.pgactive_set_table_replication_sets('settest_1', '{for-node-2}');
 pgactive_set_table_replication_sets 
-------------------------------------
 
(1 row)

INSERT INTO settest_1(data) VALUES ('should-replicate-via-for-node-2');
SELECT pgactive.pgactive_set_table_replication_sets('settest_1', '{}');
 pgactive_set_table_replication_sets 
-------------------------------------
 
(1 row)

INSERT INTO settest_1(data) VALUES ('should-not-replicate-empty-again');
SELECT pgactive.pgactive_set_table_replication_sets('settest_1', '{unknown-set,for-node-2}');
 pgactive_set_table_replication_sets 
-------------------------------------
 
(1 row)

INSERT INTO settest_1(data) VALUES ('should-replicate-via-for-node-2-even-though-unknown');
SELECT pgactive.pgactive_set_table_replication_sets('settest_1', '{unknown-set,important,for-node-2}');
 pgactive_set_table_replication_sets 
-------------------------------------
 
(1 row)

INSERT INTO settest_1(data) VALUES ('should-replicate-via-for-node-2-and-important');
SELECT * FROM settest_1 ORDER BY data;
                        data                         
-----------------------------------------------------
 should-no-replicate-no-sets
 should-no-replicate-unknown-set
 should-not-replicate-empty-again
 should-replicate-via-default
 should-replicate-via-for-node-2
 should-replicate-via-for-node-2-and-important
 should-replicate-via-for-node-2-even-though-unknown
(7 rows)

SELECT pgactive.pgactive_wait_for_slots_confirmed_flush_lsn(NULL,NULL);
 pgactive_wait_for_slots_confirmed_flush_lsn 
---------------------------------------------
 
(1 row)

\c regression
SELECT * FROM settest_1 ORDER BY data;
                        data                         
-----------------------------------------------------
 should-replicate-via-default
 should-replicate-via-for-node-2
 should-replicate-via-for-node-2-and-important
 should-replicate-via-for-node-2-even-though-unknown
(4 rows)

\c postgres
SELECT pgactive.pgactive_replicate_ddl_command($DDL$ DROP TABLE public.settest_1; $DDL$);
 pgactive_replicate_ddl_command 
--------------------------------
 
(1 row)

/*
 * Now test configurations where only some actions are replicated.
 */
SELECT pgactive.pgactive_replicate_ddl_command($DDL$ CREATE TABLE public.settest_2(data text primary key); $DDL$);
 pgactive_replicate_ddl_command 
--------------------------------
 
(1 row)

-- Test 1: ensure that inserts are replicated while update/delete are filtered
SELECT pgactive.pgactive_set_table_replication_sets('settest_2', '{for-node-2-insert}');
 pgactive_set_table_replication_sets 
-------------------------------------
 
(1 row)

INSERT INTO pgactive.pgactive_replication_set_config(set_name, replicate_inserts, replicate_updates, replicate_deletes)
VALUES ('for-node-2-insert', true, false, false),
       ('for-node-2-update', false, true, false),
       ('for-node-2-delete', false, false, true);
INSERT INTO settest_2(data) VALUES ('repl-insert--insert-#1');
INSERT INTO settest_2(data) VALUES ('repl-insert--insert-#2-then-update');
INSERT INTO settest_2(data) VALUES ('repl-insert--insert-#3-then-delete');
UPDATE settest_2
SET data = 'repl-insert--insert-#2-update'
WHERE data = 'repl-insert--insert-#2-then-update';
DELETE FROM settest_2
WHERE data = 'repl-insert--insert-#3-then-delete';
-- Test 2: ensure that updates are replicated while inserts/deletes are filtered
-- insert before filtering
INSERT INTO settest_2(data) VALUES ('repl-update--insert-#1-then-update');
INSERT INTO settest_2(data) VALUES ('repl-update--insert-#2-then-delete');
SELECT pgactive.pgactive_set_table_replication_sets('settest_2', '{for-node-2-update}');
 pgactive_set_table_replication_sets 
-------------------------------------
 
(1 row)

UPDATE settest_2
SET data = 'repl-update--insert-#1-update'
WHERE data = 'repl-update--insert-#1-then-update';
DELETE FROM settest_2
WHERE data = 'repl-update--insert-#2-then-delete';
INSERT INTO settest_2(data) VALUES ('repl-update--insert-#3');
-- verify that changing the pg_replication_sets row has effects
UPDATE pgactive.pgactive_replication_set_config
SET replicate_inserts = true
WHERE set_name = 'for-node-2-update';
INSERT INTO settest_2(data) VALUES ('repl-update--insert-#4');
-- but reset to normal meaning afterwards
UPDATE pgactive.pgactive_replication_set_config
SET replicate_inserts = false
WHERE set_name = 'for-node-2-update';
-- Test 3: ensure that deletes are replicated while inserts/updates are filtered
-- insert before filtering
SELECT pgactive.pgactive_set_table_replication_sets('settest_2', NULL);
 pgactive_set_table_replication_sets 
-------------------------------------
 
(1 row)

INSERT INTO settest_2(data) VALUES ('repl-delete--insert-#1-then-update');
INSERT INTO settest_2(data) VALUES ('repl-delete--insert-#2-then-delete');
SELECT pgactive.pgactive_set_table_replication_sets('settest_2', '{for-node-2-delete}');
 pgactive_set_table_replication_sets 
-------------------------------------
 
(1 row)

UPDATE settest_2
SET data = 'repl-delete--insert-#1-update'
WHERE data = 'repl-delete--insert-#1-then-update';
DELETE FROM settest_2
WHERE data = 'repl-delete--insert-#2-then-delete';
INSERT INTO settest_2(data) VALUES ('repl-delete--insert-#3');
-- Test 4: ensure that all partial sets together replicate everything
SELECT pgactive.pgactive_set_table_replication_sets('settest_2',
    '{for-node-2-insert,for-node-2-update,for-node-2-delete}');
 pgactive_set_table_replication_sets 
-------------------------------------
 
(1 row)

INSERT INTO settest_2(data) VALUES ('repl-combined--insert-#1-then-update');
INSERT INTO settest_2(data) VALUES ('repl-combined--insert-#2-then-delete');
UPDATE settest_2
SET data = 'repl-combined--insert-#1-update'
WHERE data = 'repl-combined--insert-#1-then-update';
DELETE FROM settest_2
WHERE data = 'repl-combined--insert-#2-then-delete';
SELECT * FROM settest_2 ORDER BY data;
              data               
---------------------------------
 repl-combined--insert-#1-update
 repl-delete--insert-#1-update
 repl-delete--insert-#3
 repl-insert--insert-#1
 repl-insert--insert-#2-update
 repl-update--insert-#1-update
 repl-update--insert-#3
 repl-update--insert-#4
(8 rows)

SELECT pgactive.pgactive_wait_for_slots_confirmed_flush_lsn(NULL,NULL);
 pgactive_wait_for_slots_confirmed_flush_lsn 
---------------------------------------------
 
(1 row)

\c regression
SELECT * FROM settest_2 ORDER BY data;
                data                
------------------------------------
 repl-combined--insert-#1-update
 repl-delete--insert-#1-then-update
 repl-insert--insert-#1
 repl-insert--insert-#2-then-update
 repl-insert--insert-#3-then-delete
 repl-update--insert-#1-update
 repl-update--insert-#2-then-delete
 repl-update--insert-#4
(8 rows)

\c postgres
TRUNCATE pgactive.pgactive_replication_set_config;
SELECT pgactive.pgactive_replicate_ddl_command($DDL$ DROP TABLE public.settest_2; $DDL$);
 pgactive_replicate_ddl_command 
--------------------------------
 
(1 row)

SELECT pgactive.pgactive_replicate_ddl_command($DDL$ DROP SCHEMA normalschema; $DDL$);
 pgactive_replicate_ddl_command 
--------------------------------
 
(1 row)

SELECT pgactive.pgactive_replicate_ddl_command($DDL$ DROP SCHEMA "strange.schema-IS"; $DDL$);
 pgactive_replicate_ddl_command 
--------------------------------
 
(1 row)

