ALTER DATABASE regression RESET pgactive.skip_ddl_replication;
ALTER DATABASE postgres RESET pgactive.skip_ddl_replication;
