--  ALTER TABLE public.DROP COLUMN (pk column)
CREATE TABLE public.test (test_id SERIAL);
SELECT pgactive.pgactive_wait_for_slots_confirmed_flush_lsn(NULL,NULL);
 pgactive_wait_for_slots_confirmed_flush_lsn 
---------------------------------------------
 
(1 row)

\c postgres
\d+ test
                                                   Table "public.test"
 Column  |  Type   | Collation | Nullable |                Default                | Storage | Stats target | Description 
---------+---------+-----------+----------+---------------------------------------+---------+--------------+-------------
 test_id | integer |           | not null | nextval('test_test_id_seq'::regclass) | plain   |              | 

SELECT relname, relkind FROM pg_class WHERE relname = 'test_test_id_seq';
     relname      | relkind 
------------------+---------
 test_test_id_seq | S
(1 row)

\d+ test_test_id_seq
                  Sequence "public.test_test_id_seq"
  Type   | Start | Minimum |  Maximum   | Increment | Cycles? | Cache 
---------+-------+---------+------------+-----------+---------+-------
 integer |     1 |       1 | 2147483647 |         1 | no      |     1
Owned by: public.test.test_id

ALTER TABLE public.test  DROP COLUMN test_id;
SELECT pgactive.pgactive_wait_for_slots_confirmed_flush_lsn(NULL,NULL);
 pgactive_wait_for_slots_confirmed_flush_lsn 
---------------------------------------------
 
(1 row)

\c regression
\d+ test
                                  Table "public.test"
 Column | Type | Collation | Nullable | Default | Storage | Stats target | Description 
--------+------+-----------+----------+---------+---------+--------------+-------------

SELECT relname, relkind FROM pg_class WHERE relname = 'test_test_id_seq';
 relname | relkind 
---------+---------
(0 rows)

DROP TABLE public.test;
-- ADD CONSTRAINT PRIMARY KEY
CREATE TABLE public.test (test_id SERIAL NOT NULL);
SELECT pgactive.pgactive_wait_for_slots_confirmed_flush_lsn(NULL,NULL);
 pgactive_wait_for_slots_confirmed_flush_lsn 
---------------------------------------------
 
(1 row)

\c postgres
\d+ test
                                                   Table "public.test"
 Column  |  Type   | Collation | Nullable |                Default                | Storage | Stats target | Description 
---------+---------+-----------+----------+---------------------------------------+---------+--------------+-------------
 test_id | integer |           | not null | nextval('test_test_id_seq'::regclass) | plain   |              | 

ALTER TABLE public.test ADD CONSTRAINT test_pkey PRIMARY KEY (test_id);
SELECT pgactive.pgactive_wait_for_slots_confirmed_flush_lsn(NULL,NULL);
 pgactive_wait_for_slots_confirmed_flush_lsn 
---------------------------------------------
 
(1 row)

\c regression
\d+ test
                                                   Table "public.test"
 Column  |  Type   | Collation | Nullable |                Default                | Storage | Stats target | Description 
---------+---------+-----------+----------+---------------------------------------+---------+--------------+-------------
 test_id | integer |           | not null | nextval('test_test_id_seq'::regclass) | plain   |              | 
Indexes:
    "test_pkey" PRIMARY KEY, btree (test_id)

DROP TABLE public.test;
SELECT pgactive.pgactive_wait_for_slots_confirmed_flush_lsn(NULL,NULL);
 pgactive_wait_for_slots_confirmed_flush_lsn 
---------------------------------------------
 
(1 row)

\c postgres
-- normal sequence
CREATE SEQUENCE public.test_seq increment 10;
SELECT pgactive.pgactive_wait_for_slots_confirmed_flush_lsn(NULL,NULL);
 pgactive_wait_for_slots_confirmed_flush_lsn 
---------------------------------------------
 
(1 row)

\d+ test_seq
                          Sequence "public.test_seq"
  Type  | Start | Minimum |       Maximum       | Increment | Cycles? | Cache 
--------+-------+---------+---------------------+-----------+---------+-------
 bigint |     1 |       1 | 9223372036854775807 |        10 | no      |     1

\c postgres
\d+ test_seq
                          Sequence "public.test_seq"
  Type  | Start | Minimum |       Maximum       | Increment | Cycles? | Cache 
--------+-------+---------+---------------------+-----------+---------+-------
 bigint |     1 |       1 | 9223372036854775807 |        10 | no      |     1

ALTER SEQUENCE public.test_seq increment by 10;
ALTER SEQUENCE public.test_seq minvalue 0;
ALTER SEQUENCE public.test_seq maxvalue 1000000;
ALTER SEQUENCE public.test_seq restart;
ALTER SEQUENCE public.test_seq cache 10;
ALTER SEQUENCE public.test_seq cycle;
ALTER SEQUENCE public.test_seq RENAME TO renamed_test_seq;
SELECT pgactive.pgactive_wait_for_slots_confirmed_flush_lsn(NULL,NULL);
 pgactive_wait_for_slots_confirmed_flush_lsn 
---------------------------------------------
 
(1 row)

\d+ test_seq
\d+ renamed_test_seq
                Sequence "public.renamed_test_seq"
  Type  | Start | Minimum | Maximum | Increment | Cycles? | Cache 
--------+-------+---------+---------+-----------+---------+-------
 bigint |     1 |       0 | 1000000 |        10 | yes     |    10

\c regression
\d+ test_seq
\d+ renamed_test_seq
                Sequence "public.renamed_test_seq"
  Type  | Start | Minimum | Maximum | Increment | Cycles? | Cache 
--------+-------+---------+---------+-----------+---------+-------
 bigint |     1 |       0 | 1000000 |        10 | yes     |    10

\c postgres
DROP SEQUENCE public.renamed_test_seq;
SELECT pgactive.pgactive_wait_for_slots_confirmed_flush_lsn(NULL,NULL);
 pgactive_wait_for_slots_confirmed_flush_lsn 
---------------------------------------------
 
(1 row)

\d+ renamed_test_seq;
\c regression
\d+ renamed_test_seq
CREATE SEQUENCE public.test_seq;
-- DESTINATION COLUMN TYPE REQUIRED BIGINT
DROP TABLE IF EXISTS public.test_tbl;
NOTICE:  table "test_tbl" does not exist, skipping
CREATE TABLE public.test_tbl (a int DEFAULT pgactive.pgactive_snowflake_id_nextval('public.test_seq'),b text);
SELECT pgactive.pgactive_wait_for_slots_confirmed_flush_lsn(NULL,NULL);
 pgactive_wait_for_slots_confirmed_flush_lsn 
---------------------------------------------
 
(1 row)

\d+ test_tbl
                                                            Table "public.test_tbl"
 Column |  Type   | Collation | Nullable |                           Default                            | Storage  | Stats target | Description 
--------+---------+-----------+----------+--------------------------------------------------------------+----------+--------------+-------------
 a      | integer |           |          | pgactive.pgactive_snowflake_id_nextval('test_seq'::regclass) | plain    |              | 
 b      | text    |           |          |                                                              | extended |              | 

\c postgres
\d+ test_tbl
                                                            Table "public.test_tbl"
 Column |  Type   | Collation | Nullable |                           Default                            | Storage  | Stats target | Description 
--------+---------+-----------+----------+--------------------------------------------------------------+----------+--------------+-------------
 a      | integer |           |          | pgactive.pgactive_snowflake_id_nextval('test_seq'::regclass) | plain    |              | 
 b      | text    |           |          |                                                              | extended |              | 

INSERT INTO test_tbl(b) VALUES('abc');
ERROR:  integer out of range
SELECT count(*) FROM test_tbl;
 count 
-------
     0
(1 row)

DROP TABLE public.test_tbl;
SELECT pgactive.pgactive_wait_for_slots_confirmed_flush_lsn(NULL,NULL);
 pgactive_wait_for_slots_confirmed_flush_lsn 
---------------------------------------------
 
(1 row)

CREATE TABLE public.test_tbl (a bigint DEFAULT pgactive.pgactive_snowflake_id_nextval('public.test_seq'),b text);
SELECT pgactive.pgactive_wait_for_slots_confirmed_flush_lsn(NULL,NULL);
 pgactive_wait_for_slots_confirmed_flush_lsn 
---------------------------------------------
 
(1 row)

\d+ test_tbl
                                                            Table "public.test_tbl"
 Column |  Type  | Collation | Nullable |                           Default                            | Storage  | Stats target | Description 
--------+--------+-----------+----------+--------------------------------------------------------------+----------+--------------+-------------
 a      | bigint |           |          | pgactive.pgactive_snowflake_id_nextval('test_seq'::regclass) | plain    |              | 
 b      | text   |           |          |                                                              | extended |              | 

\c postgres
\d+ test_tbl
                                                            Table "public.test_tbl"
 Column |  Type  | Collation | Nullable |                           Default                            | Storage  | Stats target | Description 
--------+--------+-----------+----------+--------------------------------------------------------------+----------+--------------+-------------
 a      | bigint |           |          | pgactive.pgactive_snowflake_id_nextval('test_seq'::regclass) | plain    |              | 
 b      | text   |           |          |                                                              | extended |              | 

INSERT INTO test_tbl(b) VALUES('abc');
SELECT count(*) FROM test_tbl;
 count 
-------
     1
(1 row)

DROP SEQUENCE public.test_seq CASCADE;
NOTICE:  drop cascades to default value for column a of table test_tbl
SELECT pgactive.pgactive_wait_for_slots_confirmed_flush_lsn(NULL,NULL);
 pgactive_wait_for_slots_confirmed_flush_lsn 
---------------------------------------------
 
(1 row)

\d+ test_tbl
                                 Table "public.test_tbl"
 Column |  Type  | Collation | Nullable | Default | Storage  | Stats target | Description 
--------+--------+-----------+----------+---------+----------+--------------+-------------
 a      | bigint |           |          |         | plain    |              | 
 b      | text   |           |          |         | extended |              | 

\c regression
\d+ test_tbl
                                 Table "public.test_tbl"
 Column |  Type  | Collation | Nullable | Default | Storage  | Stats target | Description 
--------+--------+-----------+----------+---------+----------+--------------+-------------
 a      | bigint |           |          |         | plain    |              | 
 b      | text   |           |          |         | extended |              | 

